Archive member included to satisfy reference by file (symbol)

C:\Users\Obelisk\Desktop\stm32f4discoworkspace\stm32f411e-disco_hal_lib\Debug\libstm32f411e-disco_hal_lib.a(stm32f4xx_hal.o)
                              src/main.o (HAL_Init)
C:\Users\Obelisk\Desktop\stm32f4discoworkspace\stm32f411e-disco_hal_lib\Debug\libstm32f411e-disco_hal_lib.a(stm32f4xx_hal_cortex.o)
                              C:\Users\Obelisk\Desktop\stm32f4discoworkspace\stm32f411e-disco_hal_lib\Debug\libstm32f411e-disco_hal_lib.a(stm32f4xx_hal.o) (HAL_NVIC_SetPriorityGrouping)
C:\Users\Obelisk\Desktop\stm32f4discoworkspace\stm32f411e-disco_hal_lib\Debug\libstm32f411e-disco_hal_lib.a(stm32f4xx_hal_gpio.o)
                              src/main.o (HAL_GPIO_Init)
C:\Users\Obelisk\Desktop\stm32f4discoworkspace\stm32f411e-disco_hal_lib\Debug\libstm32f411e-disco_hal_lib.a(stm32f4xx_hal_rcc.o)
                              src/main.o (HAL_RCC_OscConfig)
C:\Users\Obelisk\Desktop\stm32f4discoworkspace\stm32f411e-disco_hal_lib\Debug\libstm32f411e-disco_hal_lib.a(stm32f4xx_hal_tim.o)
                              src/main.o (HAL_TIM_Base_Init)
C:\Users\Obelisk\Desktop\stm32f4discoworkspace\stm32f411e-disco_hal_lib\Debug\libstm32f411e-disco_hal_lib.a(stm32f4xx_hal_tim_ex.o)
                              C:\Users\Obelisk\Desktop\stm32f4discoworkspace\stm32f411e-disco_hal_lib\Debug\libstm32f411e-disco_hal_lib.a(stm32f4xx_hal_tim.o) (TIMEx_DMACommutationCplt)
C:\Users\Obelisk\Desktop\stm32f4discoworkspace\stm32f411e-disco_hal_lib\Debug\libstm32f411e-disco_hal_lib.a(stm32f4xx_hal_dma.o)
                              C:\Users\Obelisk\Desktop\stm32f4discoworkspace\stm32f411e-disco_hal_lib\Debug\libstm32f411e-disco_hal_lib.a(stm32f4xx_hal_tim.o) (HAL_DMA_Start_IT)
c:/ac6/systemworkbench/plugins/fr.ac6.mcu.externaltools.arm-none.win32_1.7.0.201602121829/tools/compiler/bin/../lib/gcc/arm-none-eabi/5.2.1/../../../../arm-none-eabi/lib/armv7e-m/fpu\libc.a(lib_a-errno.o)
                              src/syscalls.o (__errno)
c:/ac6/systemworkbench/plugins/fr.ac6.mcu.externaltools.arm-none.win32_1.7.0.201602121829/tools/compiler/bin/../lib/gcc/arm-none-eabi/5.2.1/../../../../arm-none-eabi/lib/armv7e-m/fpu\libc.a(lib_a-exit.o)
                              c:/ac6/systemworkbench/plugins/fr.ac6.mcu.externaltools.arm-none.win32_1.7.0.201602121829/tools/compiler/bin/../lib/gcc/arm-none-eabi/5.2.1/../../../../arm-none-eabi/lib/armv7e-m/fpu/crt0.o (exit)
c:/ac6/systemworkbench/plugins/fr.ac6.mcu.externaltools.arm-none.win32_1.7.0.201602121829/tools/compiler/bin/../lib/gcc/arm-none-eabi/5.2.1/../../../../arm-none-eabi/lib/armv7e-m/fpu\libc.a(lib_a-impure.o)
                              c:/ac6/systemworkbench/plugins/fr.ac6.mcu.externaltools.arm-none.win32_1.7.0.201602121829/tools/compiler/bin/../lib/gcc/arm-none-eabi/5.2.1/../../../../arm-none-eabi/lib/armv7e-m/fpu\libc.a(lib_a-exit.o) (_global_impure_ptr)
c:/ac6/systemworkbench/plugins/fr.ac6.mcu.externaltools.arm-none.win32_1.7.0.201602121829/tools/compiler/bin/../lib/gcc/arm-none-eabi/5.2.1/../../../../arm-none-eabi/lib/armv7e-m/fpu\libc.a(lib_a-init.o)
                              c:/ac6/systemworkbench/plugins/fr.ac6.mcu.externaltools.arm-none.win32_1.7.0.201602121829/tools/compiler/bin/../lib/gcc/arm-none-eabi/5.2.1/../../../../arm-none-eabi/lib/armv7e-m/fpu/crt0.o (__libc_init_array)
c:/ac6/systemworkbench/plugins/fr.ac6.mcu.externaltools.arm-none.win32_1.7.0.201602121829/tools/compiler/bin/../lib/gcc/arm-none-eabi/5.2.1/../../../../arm-none-eabi/lib/armv7e-m/fpu\libc.a(lib_a-memset.o)
                              c:/ac6/systemworkbench/plugins/fr.ac6.mcu.externaltools.arm-none.win32_1.7.0.201602121829/tools/compiler/bin/../lib/gcc/arm-none-eabi/5.2.1/../../../../arm-none-eabi/lib/armv7e-m/fpu/crt0.o (memset)
c:/ac6/systemworkbench/plugins/fr.ac6.mcu.externaltools.arm-none.win32_1.7.0.201602121829/tools/compiler/bin/../lib/gcc/arm-none-eabi/5.2.1/../../../../arm-none-eabi/lib/armv7e-m/fpu\libc.a(lib_a-__call_atexit.o)
                              c:/ac6/systemworkbench/plugins/fr.ac6.mcu.externaltools.arm-none.win32_1.7.0.201602121829/tools/compiler/bin/../lib/gcc/arm-none-eabi/5.2.1/../../../../arm-none-eabi/lib/armv7e-m/fpu\libc.a(lib_a-exit.o) (__call_exitprocs)
c:/ac6/systemworkbench/plugins/fr.ac6.mcu.externaltools.arm-none.win32_1.7.0.201602121829/tools/compiler/bin/../lib/gcc/arm-none-eabi/5.2.1/../../../../arm-none-eabi/lib/armv7e-m/fpu\libc.a(lib_a-atexit.o)
                              c:/ac6/systemworkbench/plugins/fr.ac6.mcu.externaltools.arm-none.win32_1.7.0.201602121829/tools/compiler/bin/../lib/gcc/arm-none-eabi/5.2.1/../../../../arm-none-eabi/lib/armv7e-m/fpu\libc.a(lib_a-__call_atexit.o) (atexit)
c:/ac6/systemworkbench/plugins/fr.ac6.mcu.externaltools.arm-none.win32_1.7.0.201602121829/tools/compiler/bin/../lib/gcc/arm-none-eabi/5.2.1/../../../../arm-none-eabi/lib/armv7e-m/fpu\libc.a(lib_a-fini.o)
[...]
Memory Configuration

Name             Origin             Length             Attributes
FLASH            0x08000000         0x00080000         xr
RAM              0x20000000         0x00020000         xrw
*default*        0x00000000         0xffffffff

Linker script and memory map

LOAD c:/ac6/systemworkbench/plugins/fr.ac6.mcu.externaltools.arm-none.win32_1.7.0.201602121829/tools/compiler/bin/../lib/gcc/arm-none-eabi/5.2.1/armv7e-m/fpu/crti.o
LOAD c:/ac6/systemworkbench/plugins/fr.ac6.mcu.externaltools.arm-none.win32_1.7.0.201602121829/tools/compiler/bin/../lib/gcc/arm-none-eabi/5.2.1/armv7e-m/fpu/crtbegin.o
LOAD c:/ac6/systemworkbench/plugins/fr.ac6.mcu.externaltools.arm-none.win32_1.7.0.201602121829/tools/compiler/bin/../lib/gcc/arm-none-eabi/5.2.1/../../../../arm-none-eabi/lib/armv7e-m/fpu/crt0.o
LOAD c:/ac6/systemworkbench/plugins/fr.ac6.mcu.externaltools.arm-none.win32_1.7.0.201602121829/tools/compiler/bin/../lib/gcc/arm-none-eabi/5.2.1/../../../../arm-none-eabi/lib/armv7e-m/fpu\libm.a
LOAD src/main.o
LOAD src/stm32f4xx_it.o
LOAD src/syscalls.o
LOAD src/system_stm32f4xx.o
LOAD startup/startup_stm32f411xe.o
LOAD C:\Users\Obelisk\Desktop\stm32f4discoworkspace\stm32f411e-disco_hal_lib\Debug\libstm32f411e-disco_hal_lib.a
START GROUP
LOAD c:/ac6/systemworkbench/plugins/fr.ac6.mcu.externaltools.arm-none.win32_1.7.0.201602121829/tools/compiler/bin/../lib/gcc/arm-none-eabi/5.2.1/armv7e-m/fpu\libgcc.a
LOAD c:/ac6/systemworkbench/plugins/fr.ac6.mcu.externaltools.arm-none.win32_1.7.0.201602121829/tools/compiler/bin/../lib/gcc/arm-none-eabi/5.2.1/../../../../arm-none-eabi/lib/armv7e-m/fpu\libc.a
END GROUP
LOAD c:/ac6/systemworkbench/plugins/fr.ac6.mcu.externaltools.arm-none.win32_1.7.0.201602121829/tools/compiler/bin/../lib/gcc/arm-none-eabi/5.2.1/armv7e-m/fpu/crtend.o
LOAD c:/ac6/systemworkbench/plugins/fr.ac6.mcu.externaltools.arm-none.win32_1.7.0.201602121829/tools/compiler/bin/../lib/gcc/arm-none-eabi/5.2.1/armv7e-m/fpu/crtn.o
                0x20020000                _estack = 0x20020000
                0x00000200                _Min_Heap_Size = 0x200
                0x00000400                _Min_Stack_Size = 0x400

.isr_vector     0x08000000      0x198
                0x08000000                . = ALIGN (0x4)
 *(.isr_vector)
 .isr_vector    0x08000000      0x198 startup/startup_stm32f411xe.o
                0x08000000                g_pfnVectors
                0x08000198                . = ALIGN (0x4)

.text           0x08000198     0x17bc
                0x08000198                . = ALIGN (0x4)
 *(.text)
 .text          0x08000198       0xa4 c:/ac6/systemworkbench/plugins/fr.ac6.mcu.externaltools.arm-none.win32_1.7.0.201602121829/tools/compiler/bin/../lib/gcc/arm-none-eabi/5.2.1/armv7e-m/fpu/crtbegin.o
 *(.text*)
 .text.SystemClock_Config
                0x0800023c       0xa4 src/main.o
 .text.main     0x080002e0       0x18 src/main.o
                0x080002e0                main
 .text.LED_SETUP
                0x080002f8       0x88 src/main.o
 .text.LED_SET_ALL
                0x08000380       0x50 src/main.o
 .text.playTime
                0x080003d0       0xe4 src/main.o
 .text.TIMER_SETUP
                0x080004b4       0x90 src/main.o
 .text.TIM3_IRQHandler
                0x08000544       0x14 src/main.o
                0x08000544                TIM3_IRQHandler
 .text.HAL_TIM_PeriodElapsedCallback
                0x08000558       0x24 src/main.o
                0x08000558                HAL_TIM_PeriodElapsedCallback
 .text.SysTick_Handler
                0x0800057c       0x10 src/stm32f4xx_it.o
                0x0800057c                SysTick_Handler
 .text.SystemInit
                0x0800058c       0x6c src/system_stm32f4xx.o
                0x0800058c                SystemInit
 .text.Reset_Handler
                0x080005f8       0x50 startup/startup_stm32f411xe.o
                0x080005f8                Reset_Handler
 .text.Default_Handler
                0x08000648        0x2 startup/startup_stm32f411xe.o
                0x08000648                RTC_Alarm_IRQHandler
                0x08000648                EXTI2_IRQHandler
                0x08000648                DebugMon_Handler
                0x08000648                SPI4_IRQHandler
                0x08000648                TIM1_CC_IRQHandler
                0x08000648                DMA2_Stream5_IRQHandler
                0x08000648                HardFault_Handler
                0x08000648                DMA1_Stream5_IRQHandler
                0x08000648                PVD_IRQHandler
                0x08000648                SDIO_IRQHandler
                0x08000648                TAMP_STAMP_IRQHandler
                0x08000648                PendSV_Handler
                0x08000648                NMI_Handler
                0x08000648                EXTI3_IRQHandler
                0x08000648                TIM1_UP_TIM10_IRQHandler
                0x08000648                I2C3_ER_IRQHandler
                0x08000648                EXTI0_IRQHandler
                0x08000648                I2C2_EV_IRQHandler
                0x08000648                DMA1_Stream2_IRQHandler
                0x08000648                FPU_IRQHandler
                0x08000648                UsageFault_Handler
                0x08000648                DMA2_Stream2_IRQHandler
                0x08000648                SPI1_IRQHandler
                0x08000648                TIM1_BRK_TIM9_IRQHandler
                0x08000648                DMA2_Stream3_IRQHandler
                0x08000648                USART6_IRQHandler
                0x08000648                DMA2_Stream0_IRQHandler
                0x08000648                TIM4_IRQHandler
                0x08000648                I2C1_EV_IRQHandler
                0x08000648                DMA1_Stream6_IRQHandler
                0x08000648                DMA1_Stream1_IRQHandler
                0x08000648                RCC_IRQHandler
                0x08000648                Default_Handler
                0x08000648                EXTI15_10_IRQHandler
                0x08000648                ADC_IRQHandler
                0x08000648                DMA1_Stream7_IRQHandler
                0x08000648                SPI5_IRQHandler
                0x08000648                TIM5_IRQHandler
                0x08000648                DMA2_Stream7_IRQHandler
                0x08000648                I2C3_EV_IRQHandler
                0x08000648                EXTI9_5_IRQHandler
                0x08000648                RTC_WKUP_IRQHandler
                0x08000648                SPI2_IRQHandler
                0x08000648                MemManage_Handler
                0x08000648                DMA1_Stream0_IRQHandler
                0x08000648                SVC_Handler
                0x08000648                EXTI4_IRQHandler
                0x08000648                WWDG_IRQHandler
                0x08000648                TIM2_IRQHandler
                0x08000648                OTG_FS_WKUP_IRQHandler
                0x08000648                TIM1_TRG_COM_TIM11_IRQHandler
                0x08000648                EXTI1_IRQHandler
                0x08000648                USART2_IRQHandler
                0x08000648                I2C2_ER_IRQHandler
                0x08000648                DMA2_Stream1_IRQHandler
                0x08000648                FLASH_IRQHandler
                0x08000648                DMA2_Stream4_IRQHandler
                0x08000648                BusFault_Handler
                0x08000648                USART1_IRQHandler
                0x08000648                OTG_FS_IRQHandler
                0x08000648                SPI3_IRQHandler
                0x08000648                DMA1_Stream4_IRQHandler
                0x08000648                I2C1_ER_IRQHandler
                0x08000648                DMA2_Stream6_IRQHandler
                0x08000648                DMA1_Stream3_IRQHandler
 *fill*         0x0800064a        0x2 
 .text.HAL_Init
                0x0800064c       0x44 C:\Users\Obelisk\Desktop\stm32f4discoworkspace\stm32f411e-disco_hal_lib\Debug\libstm32f411e-disco_hal_lib.a(stm32f4xx_hal.o)
                0x0800064c                HAL_Init
 .text.HAL_MspInit
                0x08000690       0x10 C:\Users\Obelisk\Desktop\stm32f4discoworkspace\stm32f411e-disco_hal_lib\Debug\libstm32f411e-disco_hal_lib.a(stm32f4xx_hal.o)
                0x08000690                HAL_MspInit
 .text.HAL_InitTick
                0x080006a0       0x38 C:\Users\Obelisk\Desktop\stm32f4discoworkspace\stm32f411e-disco_hal_lib\Debug\libstm32f411e-disco_hal_lib.a(stm32f4xx_hal.o)
                0x080006a0                HAL_InitTick
 .text.HAL_IncTick
                0x080006d8       0x1c C:\Users\Obelisk\Desktop\stm32f4discoworkspace\stm32f411e-disco_hal_lib\Debug\libstm32f411e-disco_hal_lib.a(stm32f4xx_hal.o)
                0x080006d8                HAL_IncTick
 .text.HAL_GetTick
                0x080006f4       0x18 C:\Users\Obelisk\Desktop\stm32f4discoworkspace\stm32f411e-disco_hal_lib\Debug\libstm32f411e-disco_hal_lib.a(stm32f4xx_hal.o)
                0x080006f4                HAL_GetTick
 .text.NVIC_SetPriorityGrouping
                0x0800070c       0x48 C:\Users\Obelisk\Desktop\stm32f4discoworkspace\stm32f411e-disco_hal_lib\Debug\libstm32f411e-disco_hal_lib.a(stm32f4xx_hal_cortex.o)
 .text.NVIC_GetPriorityGrouping
                0x08000754       0x1c C:\Users\Obelisk\Desktop\stm32f4discoworkspace\stm32f411e-disco_hal_lib\Debug\libstm32f411e-disco_hal_lib.a(stm32f4xx_hal_cortex.o)
 .text.NVIC_EnableIRQ
                0x08000770       0x34 C:\Users\Obelisk\Desktop\stm32f4discoworkspace\stm32f411e-disco_hal_lib\Debug\libstm32f411e-disco_hal_lib.a(stm32f4xx_hal_cortex.o)
 .text.NVIC_SetPriority
                0x080007a4       0x54 C:\Users\Obelisk\Desktop\stm32f4discoworkspace\stm32f411e-disco_hal_lib\Debug\libstm32f411e-disco_hal_lib.a(stm32f4xx_hal_cortex.o)
 .text.NVIC_EncodePriority
                0x080007f8       0x64 C:\Users\Obelisk\Desktop\stm32f4discoworkspace\stm32f411e-disco_hal_lib\Debug\libstm32f411e-disco_hal_lib.a(stm32f4xx_hal_cortex.o)
 .text.SysTick_Config
                0x0800085c       0x44 C:\Users\Obelisk\Desktop\stm32f4discoworkspace\stm32f411e-disco_hal_lib\Debug\libstm32f411e-disco_hal_lib.a(stm32f4xx_hal_cortex.o)
 .text.HAL_NVIC_SetPriorityGrouping
                0x080008a0       0x18 C:\Users\Obelisk\Desktop\stm32f4discoworkspace\stm32f411e-disco_hal_lib\Debug\libstm32f411e-disco_hal_lib.a(stm32f4xx_hal_cortex.o)
                0x080008a0                HAL_NVIC_SetPriorityGrouping
 .text.HAL_NVIC_SetPriority
                0x080008b8       0x38 C:\Users\Obelisk\Desktop\stm32f4discoworkspace\stm32f411e-disco_hal_lib\Debug\libstm32f411e-disco_hal_lib.a(stm32f4xx_hal_cortex.o)
                0x080008b8                HAL_NVIC_SetPriority
 .text.HAL_NVIC_EnableIRQ
                0x080008f0       0x1c C:\Users\Obelisk\Desktop\stm32f4discoworkspace\stm32f411e-disco_hal_lib\Debug\libstm32f411e-disco_hal_lib.a(stm32f4xx_hal_cortex.o)
                0x080008f0                HAL_NVIC_EnableIRQ
 .text.HAL_SYSTICK_Config
                0x0800090c       0x18 C:\Users\Obelisk\Desktop\stm32f4discoworkspace\stm32f411e-disco_hal_lib\Debug\libstm32f411e-disco_hal_lib.a(stm32f4xx_hal_cortex.o)
                0x0800090c                HAL_SYSTICK_Config
 .text.HAL_SYSTICK_IRQHandler
                0x08000924        0xc C:\Users\Obelisk\Desktop\stm32f4discoworkspace\stm32f411e-disco_hal_lib\Debug\libstm32f411e-disco_hal_lib.a(stm32f4xx_hal_cortex.o)
                0x08000924                HAL_SYSTICK_IRQHandler
 .text.HAL_SYSTICK_Callback
                0x08000930       0x10 C:\Users\Obelisk\Desktop\stm32f4discoworkspace\stm32f411e-disco_hal_lib\Debug\libstm32f411e-disco_hal_lib.a(stm32f4xx_hal_cortex.o)
                0x08000930                HAL_SYSTICK_Callback
 .text.HAL_GPIO_Init
                0x08000940      0x304 C:\Users\Obelisk\Desktop\stm32f4discoworkspace\stm32f411e-disco_hal_lib\Debug\libstm32f411e-disco_hal_lib.a(stm32f4xx_hal_gpio.o)
                0x08000940                HAL_GPIO_Init
 .text.HAL_GPIO_WritePin
                0x08000c44       0x34 C:\Users\Obelisk\Desktop\stm32f4discoworkspace\stm32f411e-disco_hal_lib\Debug\libstm32f411e-disco_hal_lib.a(stm32f4xx_hal_gpio.o)
                0x08000c44                HAL_GPIO_WritePin
 .text.HAL_RCC_OscConfig
                0x08000c78      0x424 C:\Users\Obelisk\Desktop\stm32f4discoworkspace\stm32f411e-disco_hal_lib\Debug\libstm32f411e-disco_hal_lib.a(stm32f4xx_hal_rcc.o)
                0x08000c78                HAL_RCC_OscConfig
 .text.HAL_RCC_ClockConfig
                0x0800109c      0x1e4 C:\Users\Obelisk\Desktop\stm32f4discoworkspace\stm32f411e-disco_hal_lib\Debug\libstm32f411e-disco_hal_lib.a(stm32f4xx_hal_rcc.o)
                0x0800109c                HAL_RCC_ClockConfig
 .text.HAL_RCC_GetSysClockFreq
                0x08001280       0xfc C:\Users\Obelisk\Desktop\stm32f4discoworkspace\stm32f411e-disco_hal_lib\Debug\libstm32f411e-disco_hal_lib.a(stm32f4xx_hal_rcc.o)
                0x08001280                HAL_RCC_GetSysClockFreq
 .text.HAL_RCC_GetHCLKFreq
                0x0800137c       0x50 C:\Users\Obelisk\Desktop\stm32f4discoworkspace\stm32f411e-disco_hal_lib\Debug\libstm32f411e-disco_hal_lib.a(stm32f4xx_hal_rcc.o)
                0x0800137c                HAL_RCC_GetHCLKFreq
 .text.HAL_TIM_Base_Init
                0x080013cc       0x58 C:\Users\Obelisk\Desktop\stm32f4discoworkspace\stm32f411e-disco_hal_lib\Debug\libstm32f411e-disco_hal_lib.a(stm32f4xx_hal_tim.o)
                0x080013cc                HAL_TIM_Base_Init
 .text.HAL_TIM_Base_MspInit
                0x08001424       0x14 C:\Users\Obelisk\Desktop\stm32f4discoworkspace\stm32f411e-disco_hal_lib\Debug\libstm32f411e-disco_hal_lib.a(stm32f4xx_hal_tim.o)
                0x08001424                HAL_TIM_Base_MspInit
 .text.HAL_TIM_Base_Start_IT
                0x08001438       0x38 C:\Users\Obelisk\Desktop\stm32f4discoworkspace\stm32f411e-disco_hal_lib\Debug\libstm32f411e-disco_hal_lib.a(stm32f4xx_hal_tim.o)
                0x08001438                HAL_TIM_Base_Start_IT
 .text.HAL_TIM_IRQHandler
                0x08001470      0x210 C:\Users\Obelisk\Desktop\stm32f4discoworkspace\stm32f411e-disco_hal_lib\Debug\libstm32f411e-disco_hal_lib.a(stm32f4xx_hal_tim.o)
                0x08001470                HAL_TIM_IRQHandler
 .text.HAL_TIM_OC_DelayElapsedCallback
                0x08001680       0x14 C:\Users\Obelisk\Desktop\stm32f4discoworkspace\stm32f411e-disco_hal_lib\Debug\libstm32f411e-disco_hal_lib.a(stm32f4xx_hal_tim.o)
                0x08001680                HAL_TIM_OC_DelayElapsedCallback
 .text.HAL_TIM_IC_CaptureCallback
                0x08001694       0x14 C:\Users\Obelisk\Desktop\stm32f4discoworkspace\stm32f411e-disco_hal_lib\Debug\libstm32f411e-disco_hal_lib.a(stm32f4xx_hal_tim.o)
                0x08001694                HAL_TIM_IC_CaptureCallback
 .text.HAL_TIM_PWM_PulseFinishedCallback
                0x080016a8       0x14 C:\Users\Obelisk\Desktop\stm32f4discoworkspace\stm32f411e-disco_hal_lib\Debug\libstm32f411e-disco_hal_lib.a(stm32f4xx_hal_tim.o)
                0x080016a8                HAL_TIM_PWM_PulseFinishedCallback
 .text.HAL_TIM_TriggerCallback
                0x080016bc       0x14 C:\Users\Obelisk\Desktop\stm32f4discoworkspace\stm32f411e-disco_hal_lib\Debug\libstm32f411e-disco_hal_lib.a(stm32f4xx_hal_tim.o)
                0x080016bc                HAL_TIM_TriggerCallback
 .text.TIM_Base_SetConfig
                0x080016d0      0x108 C:\Users\Obelisk\Desktop\stm32f4discoworkspace\stm32f411e-disco_hal_lib\Debug\libstm32f411e-disco_hal_lib.a(stm32f4xx_hal_tim.o)
                0x080016d0                TIM_Base_SetConfig
 .text.HAL_TIMEx_CommutationCallback
                0x080017d8       0x14 C:\Users\Obelisk\Desktop\stm32f4discoworkspace\stm32f411e-disco_hal_lib\Debug\libstm32f411e-disco_hal_lib.a(stm32f4xx_hal_tim_ex.o)
                0x080017d8                HAL_TIMEx_CommutationCallback
 .text.HAL_TIMEx_BreakCallback
                0x080017ec       0x14 C:\Users\Obelisk\Desktop\stm32f4discoworkspace\stm32f411e-disco_hal_lib\Debug\libstm32f411e-disco_hal_lib.a(stm32f4xx_hal_tim_ex.o)
                0x080017ec                HAL_TIMEx_BreakCallback
 .text.__libc_init_array
                0x08001800       0x50 c:/ac6/systemworkbench/plugins/fr.ac6.mcu.externaltools.arm-none.win32_1.7.0.201602121829/tools/compiler/bin/../lib/gcc/arm-none-eabi/5.2.1/../../../../arm-none-eabi/lib/armv7e-m/fpu\libc.a(lib_a-init.o)
                0x08001800                __libc_init_array
 .text.startup.register_fini
                0x08001850       0x14 c:/ac6/systemworkbench/plugins/fr.ac6.mcu.externaltools.arm-none.win32_1.7.0.201602121829/tools/compiler/bin/../lib/gcc/arm-none-eabi/5.2.1/../../../../arm-none-eabi/lib/armv7e-m/fpu\libc.a(lib_a-__call_atexit.o)
 .text.atexit   0x08001864        0xc c:/ac6/systemworkbench/plugins/fr.ac6.mcu.externaltools.arm-none.win32_1.7.0.201602121829/tools/compiler/bin/../lib/gcc/arm-none-eabi/5.2.1/../../../../arm-none-eabi/lib/armv7e-m/fpu\libc.a(lib_a-atexit.o)
                0x08001864                atexit
 .text.__libc_fini_array
                0x08001870       0x28 c:/ac6/systemworkbench/plugins/fr.ac6.mcu.externaltools.arm-none.win32_1.7.0.201602121829/tools/compiler/bin/../lib/gcc/arm-none-eabi/5.2.1/../../../../arm-none-eabi/lib/armv7e-m/fpu\libc.a(lib_a-fini.o)
                0x08001870                __libc_fini_array
 .text.__register_exitproc
                0x08001898       0xa4 c:/ac6/systemworkbench/plugins/fr.ac6.mcu.externaltools.arm-none.win32_1.7.0.201602121829/tools/compiler/bin/../lib/gcc/arm-none-eabi/5.2.1/../../../../arm-none-eabi/lib/armv7e-m/fpu\libc.a(lib_a-__atexit.o)
                0x08001898                __register_exitproc
 *(.glue_7)
 .glue_7        0x0800193c        0x0 linker stubs
 *(.glue_7t)
 .glue_7t       0x0800193c        0x0 linker stubs
 *(.eh_frame)
 .eh_frame      0x0800193c        0x0 c:/ac6/systemworkbench/plugins/fr.ac6.mcu.externaltools.arm-none.win32_1.7.0.201602121829/tools/compiler/bin/../lib/gcc/arm-none-eabi/5.2.1/armv7e-m/fpu/crtbegin.o
 *(.init)
 .init          0x0800193c        0x4 c:/ac6/systemworkbench/plugins/fr.ac6.mcu.externaltools.arm-none.win32_1.7.0.201602121829/tools/compiler/bin/../lib/gcc/arm-none-eabi/5.2.1/armv7e-m/fpu/crti.o
                0x0800193c                _init
 .init          0x08001940        0x8 c:/ac6/systemworkbench/plugins/fr.ac6.mcu.externaltools.arm-none.win32_1.7.0.201602121829/tools/compiler/bin/../lib/gcc/arm-none-eabi/5.2.1/armv7e-m/fpu/crtn.o
 *(.fini)
 .fini          0x08001948        0x4 c:/ac6/systemworkbench/plugins/fr.ac6.mcu.externaltools.arm-none.win32_1.7.0.201602121829/tools/compiler/bin/../lib/gcc/arm-none-eabi/5.2.1/armv7e-m/fpu/crti.o
                0x08001948                _fini
 .fini          0x0800194c        0x8 c:/ac6/systemworkbench/plugins/fr.ac6.mcu.externaltools.arm-none.win32_1.7.0.201602121829/tools/compiler/bin/../lib/gcc/arm-none-eabi/5.2.1/armv7e-m/fpu/crtn.o
                0x08001954                . = ALIGN (0x4)
                0x08001954                _etext = .

.vfp11_veneer   0x08001954        0x0
 .vfp11_veneer  0x08001954        0x0 linker stubs

.v4_bx          0x08001954        0x0
 .v4_bx         0x08001954        0x0 linker stubs

.iplt           0x08001954        0x0
 .iplt          0x08001954        0x0 c:/ac6/systemworkbench/plugins/fr.ac6.mcu.externaltools.arm-none.win32_1.7.0.201602121829/tools/compiler/bin/../lib/gcc/arm-none-eabi/5.2.1/armv7e-m/fpu/crtbegin.o

.rodata         0x08001954       0x18
                0x08001954                . = ALIGN (0x4)
 *(.rodata)
 .rodata        0x08001954       0x10 C:\Users\Obelisk\Desktop\stm32f4discoworkspace\stm32f411e-disco_hal_lib\Debug\libstm32f411e-disco_hal_lib.a(stm32f4xx_hal_rcc.o)
                0x08001954                APBAHBPrescTable
 *(.rodata*)
 .rodata.str1.4
                0x08001964        0x4 c:/ac6/systemworkbench/plugins/fr.ac6.mcu.externaltools.arm-none.win32_1.7.0.201602121829/tools/compiler/bin/../lib/gcc/arm-none-eabi/5.2.1/../../../../arm-none-eabi/lib/armv7e-m/fpu\libc.a(lib_a-impure.o)
                                  0x2 (size before relaxing)
 .rodata._global_impure_ptr
                0x08001968        0x4 c:/ac6/systemworkbench/plugins/fr.ac6.mcu.externaltools.arm-none.win32_1.7.0.201602121829/tools/compiler/bin/../lib/gcc/arm-none-eabi/5.2.1/../../../../arm-none-eabi/lib/armv7e-m/fpu\libc.a(lib_a-impure.o)
                0x08001968                _global_impure_ptr
                0x0800196c                . = ALIGN (0x4)

.rel.dyn        0x0800196c        0x0
 .rel.iplt      0x0800196c        0x0 c:/ac6/systemworkbench/plugins/fr.ac6.mcu.externaltools.arm-none.win32_1.7.0.201602121829/tools/compiler/bin/../lib/gcc/arm-none-eabi/5.2.1/armv7e-m/fpu/crtbegin.o

.ARM.extab
 *(.ARM.extab* .gnu.linkonce.armextab.*)

.ARM            0x0800196c        0x0
                0x0800196c                __exidx_start = .
 *(.ARM.exidx*)
                0x0800196c                __exidx_end = .

.preinit_array  0x0800196c        0x0
                0x0800196c                PROVIDE (__preinit_array_start, .)
 *(.preinit_array*)
                0x0800196c                PROVIDE (__preinit_array_end, .)

.init_array     0x0800196c        0x8
                0x0800196c                PROVIDE (__init_array_start, .)
 *(SORT(.init_array.*))
 .init_array.00000
                0x0800196c        0x4 c:/ac6/systemworkbench/plugins/fr.ac6.mcu.externaltools.arm-none.win32_1.7.0.201602121829/tools/compiler/bin/../lib/gcc/arm-none-eabi/5.2.1/../../../../arm-none-eabi/lib/armv7e-m/fpu\libc.a(lib_a-__call_atexit.o)
 *(.init_array*)
 .init_array    0x08001970        0x4 c:/ac6/systemworkbench/plugins/fr.ac6.mcu.externaltools.arm-none.win32_1.7.0.201602121829/tools/compiler/bin/../lib/gcc/arm-none-eabi/5.2.1/armv7e-m/fpu/crtbegin.o
                0x08001974                PROVIDE (__init_array_end, .)

.fini_array     0x08001974        0x4
                0x08001974                PROVIDE (__fini_array_start, .)
 *(SORT(.fini_array.*))
 *(.fini_array*)
 .fini_array    0x08001974        0x4 c:/ac6/systemworkbench/plugins/fr.ac6.mcu.externaltools.arm-none.win32_1.7.0.201602121829/tools/compiler/bin/../lib/gcc/arm-none-eabi/5.2.1/armv7e-m/fpu/crtbegin.o
                0x08001978                PROVIDE (__fini_array_end, .)
                0x08001978                _sidata = LOADADDR (.data)

.data           0x20000000      0x440 load address 0x08001978
                0x20000000                . = ALIGN (0x4)
                0x20000000                _sdata = .
 *(.data)
 .data          0x20000000       0x14 src/system_stm32f4xx.o
                0x20000000                SystemCoreClock
                0x20000004                AHBPrescTable
 *(.data*)
 *fill*         0x20000014        0x4 
 .data.impure_data
                0x20000018      0x428 c:/ac6/systemworkbench/plugins/fr.ac6.mcu.externaltools.arm-none.win32_1.7.0.201602121829/tools/compiler/bin/../lib/gcc/arm-none-eabi/5.2.1/../../../../arm-none-eabi/lib/armv7e-m/fpu\libc.a(lib_a-impure.o)
                0x20000440                . = ALIGN (0x4)
                0x20000440                _edata = .

.jcr            0x20000440        0x0 load address 0x08001db8
 .jcr           0x20000440        0x0 c:/ac6/systemworkbench/plugins/fr.ac6.mcu.externaltools.arm-none.win32_1.7.0.201602121829/tools/compiler/bin/../lib/gcc/arm-none-eabi/5.2.1/armv7e-m/fpu/crtbegin.o

.tm_clone_table
                0x20000440        0x0 load address 0x08001db8
 .tm_clone_table
                0x20000440        0x0 c:/ac6/systemworkbench/plugins/fr.ac6.mcu.externaltools.arm-none.win32_1.7.0.201602121829/tools/compiler/bin/../lib/gcc/arm-none-eabi/5.2.1/armv7e-m/fpu/crtbegin.o
 .tm_clone_table
                0x20000440        0x0 c:/ac6/systemworkbench/plugins/fr.ac6.mcu.externaltools.arm-none.win32_1.7.0.201602121829/tools/compiler/bin/../lib/gcc/arm-none-eabi/5.2.1/armv7e-m/fpu/crtend.o

.igot.plt       0x20000440        0x0 load address 0x08001db8
 .igot.plt      0x20000440        0x0 c:/ac6/systemworkbench/plugins/fr.ac6.mcu.externaltools.arm-none.win32_1.7.0.201602121829/tools/compiler/bin/../lib/gcc/arm-none-eabi/5.2.1/armv7e-m/fpu/crtbegin.o
                0x20000440                . = ALIGN (0x4)

.bss            0x20000440       0x74 load address 0x08001db8
                0x20000440                _sbss = .
                0x20000440                __bss_start__ = _sbss
 *(.bss)
 .bss           0x20000440       0x1c c:/ac6/systemworkbench/plugins/fr.ac6.mcu.externaltools.arm-none.win32_1.7.0.201602121829/tools/compiler/bin/../lib/gcc/arm-none-eabi/5.2.1/armv7e-m/fpu/crtbegin.o
 .bss           0x2000045c       0x15 src/main.o
 *(.bss*)
 *(COMMON)
 *fill*         0x20000471        0x3 
 COMMON         0x20000474       0x3c src/main.o
                0x20000474                TimHandle
 COMMON         0x200004b0        0x4 C:\Users\Obelisk\Desktop\stm32f4discoworkspace\stm32f411e-disco_hal_lib\Debug\libstm32f411e-disco_hal_lib.a(stm32f4xx_hal.o)
                0x200004b0                uwTick
                0x200004b4                . = ALIGN (0x4)
                0x200004b4                _ebss = .
                0x200004b4                __bss_end__ = _ebss

._user_heap_stack
                0x200004b4      0x604 load address 0x08001db8
                0x200004b8                . = ALIGN (0x8)
 *fill*         0x200004b4        0x4 
                0x200004b8                PROVIDE (end, .)
                [!provide]                PROVIDE (_end, .)
                0x200006b8                . = (. + _Min_Heap_Size)
 *fill*         0x200004b8      0x200 
                0x20000ab8                . = (. + _Min_Stack_Size)
 *fill*         0x200006b8      0x400 
                0x20000ab8                . = ALIGN (0x8)

/DISCARD/
 libc.a(*)
 libm.a(*)
 libgcc.a(*)

.ARM.attributes
                0x00000000       0x30
 *(.ARM.attributes)
 .ARM.attributes
                0x00000000       0x22 c:/ac6/systemworkbench/plugins/fr.ac6.mcu.externaltools.arm-none.win32_1.7.0.201602121829/tools/compiler/bin/../lib/gcc/arm-none-eabi/5.2.1/armv7e-m/fpu/crti.o
 .ARM.attributes
                0x00000022       0x34 c:/ac6/systemworkbench/plugins/fr.ac6.mcu.externaltools.arm-none.win32_1.7.0.201602121829/tools/compiler/bin/../lib/gcc/arm-none-eabi/5.2.1/armv7e-m/fpu/crtbegin.o
 .ARM.attributes
                0x00000056       0x39 src/main.o
 .ARM.attributes
                0x0000008f       0x39 src/stm32f4xx_it.o
 .ARM.attributes
                0x000000c8       0x39 src/system_stm32f4xx.o
 .ARM.attributes
                0x00000101       0x21 startup/startup_stm32f411xe.o
 .ARM.attributes
                0x00000122       0x39 C:\Users\Obelisk\Desktop\stm32f4discoworkspace\stm32f411e-disco_hal_lib\Debug\libstm32f411e-disco_hal_lib.a(stm32f4xx_hal.o)
 .ARM.attributes
                0x0000015b       0x39 C:\Users\Obelisk\Desktop\stm32f4discoworkspace\stm32f411e-disco_hal_lib\Debug\libstm32f411e-disco_hal_lib.a(stm32f4xx_hal_cortex.o)
 .ARM.attributes
                0x00000194       0x39 C:\Users\Obelisk\Desktop\stm32f4discoworkspace\stm32f411e-disco_hal_lib\Debug\libstm32f411e-disco_hal_lib.a(stm32f4xx_hal_gpio.o)
 .ARM.attributes
                0x000001cd       0x39 C:\Users\Obelisk\Desktop\stm32f4discoworkspace\stm32f411e-disco_hal_lib\Debug\libstm32f411e-disco_hal_lib.a(stm32f4xx_hal_rcc.o)
 .ARM.attributes
                0x00000206       0x39 C:\Users\Obelisk\Desktop\stm32f4discoworkspace\stm32f411e-disco_hal_lib\Debug\libstm32f411e-disco_hal_lib.a(stm32f4xx_hal_tim.o)
 .ARM.attributes
                0x0000023f       0x39 C:\Users\Obelisk\Desktop\stm32f4discoworkspace\stm32f411e-disco_hal_lib\Debug\libstm32f411e-disco_hal_lib.a(stm32f4xx_hal_tim_ex.o)
 .ARM.attributes
                0x00000278       0x34 c:/ac6/systemworkbench/plugins/fr.ac6.mcu.externaltools.arm-none.win32_1.7.0.201602121829/tools/compiler/bin/../lib/gcc/arm-none-eabi/5.2.1/../../../../arm-none-eabi/lib/armv7e-m/fpu\libc.a(lib_a-impure.o)
 .ARM.attributes
                0x000002ac       0x34 c:/ac6/systemworkbench/plugins/fr.ac6.mcu.externaltools.arm-none.win32_1.7.0.201602121829/tools/compiler/bin/../lib/gcc/arm-none-eabi/5.2.1/../../../../arm-none-eabi/lib/armv7e-m/fpu\libc.a(lib_a-init.o)
 .ARM.attributes
                0x000002e0       0x34 c:/ac6/systemworkbench/plugins/fr.ac6.mcu.externaltools.arm-none.win32_1.7.0.201602121829/tools/compiler/bin/../lib/gcc/arm-none-eabi/5.2.1/../../../../arm-none-eabi/lib/armv7e-m/fpu\libc.a(lib_a-__call_atexit.o)
 .ARM.attributes
                0x00000314       0x34 c:/ac6/systemworkbench/plugins/fr.ac6.mcu.externaltools.arm-none.win32_1.7.0.201602121829/tools/compiler/bin/../lib/gcc/arm-none-eabi/5.2.1/../../../../arm-none-eabi/lib/armv7e-m/fpu\libc.a(lib_a-atexit.o)
 .ARM.attributes
                0x00000348       0x34 c:/ac6/systemworkbench/plugins/fr.ac6.mcu.externaltools.arm-none.win32_1.7.0.201602121829/tools/compiler/bin/../lib/gcc/arm-none-eabi/5.2.1/../../../../arm-none-eabi/lib/armv7e-m/fpu\libc.a(lib_a-fini.o)
 .ARM.attributes
                0x0000037c       0x34 c:/ac6/systemworkbench/plugins/fr.ac6.mcu.externaltools.arm-none.win32_1.7.0.201602121829/tools/compiler/bin/../lib/gcc/arm-none-eabi/5.2.1/../../../../arm-none-eabi/lib/armv7e-m/fpu\libc.a(lib_a-__atexit.o)
 .ARM.attributes
                0x000003b0       0x34 c:/ac6/systemworkbench/plugins/fr.ac6.mcu.externaltools.arm-none.win32_1.7.0.201602121829/tools/compiler/bin/../lib/gcc/arm-none-eabi/5.2.1/armv7e-m/fpu/crtend.o
 .ARM.attributes
                0x000003e4       0x22 c:/ac6/systemworkbench/plugins/fr.ac6.mcu.externaltools.arm-none.win32_1.7.0.201602121829/tools/compiler/bin/../lib/gcc/arm-none-eabi/5.2.1/armv7e-m/fpu/crtn.o
OUTPUT(blink.elf elf32-littlearm)

.debug_info     0x00000000     0x6a03
 .debug_info    0x00000000      0xcca src/main.o
 .debug_info    0x00000cca       0xbd src/stm32f4xx_it.o
 .debug_info    0x00000d87      0x4b0 src/system_stm32f4xx.o
 .debug_info    0x00001237       0x81 startup/startup_stm32f411xe.o
 .debug_info    0x000012b8      0x7b3 C:\Users\Obelisk\Desktop\stm32f4discoworkspace\stm32f411e-disco_hal_lib\Debug\libstm32f411e-disco_hal_lib.a(stm32f4xx_hal.o)
 .debug_info    0x00001a6b      0xc7b C:\Users\Obelisk\Desktop\stm32f4discoworkspace\stm32f411e-disco_hal_lib\Debug\libstm32f411e-disco_hal_lib.a(stm32f4xx_hal_cortex.o)
 .debug_info    0x000026e6      0x70f C:\Users\Obelisk\Desktop\stm32f4discoworkspace\stm32f411e-disco_hal_lib\Debug\libstm32f411e-disco_hal_lib.a(stm32f4xx_hal_gpio.o)
 .debug_info    0x00002df5      0xb28 C:\Users\Obelisk\Desktop\stm32f4discoworkspace\stm32f411e-disco_hal_lib\Debug\libstm32f411e-disco_hal_lib.a(stm32f4xx_hal_rcc.o)
 .debug_info    0x0000391d     0x2190 C:\Users\Obelisk\Desktop\stm32f4discoworkspace\stm32f411e-disco_hal_lib\Debug\libstm32f411e-disco_hal_lib.a(stm32f4xx_hal_tim.o)
 .debug_info    0x00005aad      0xf56 C:\Users\Obelisk\Desktop\stm32f4discoworkspace\stm32f411e-disco_hal_lib\Debug\libstm32f411e-disco_hal_lib.a(stm32f4xx_hal_tim_ex.o)

.debug_abbrev   0x00000000     0x10f4
 .debug_abbrev  0x00000000      0x20c src/main.o
 .debug_abbrev  0x0000020c       0x6a src/stm32f4xx_it.o
 .debug_abbrev  0x00000276      0x104 src/system_stm32f4xx.o
 .debug_abbrev  0x0000037a       0x12 startup/startup_stm32f411xe.o
 .debug_abbrev  0x0000038c      0x229 C:\Users\Obelisk\Desktop\stm32f4discoworkspace\stm32f411e-disco_hal_lib\Debug\libstm32f411e-disco_hal_lib.a(stm32f4xx_hal.o)
 .debug_abbrev  0x000005b5      0x2cc C:\Users\Obelisk\Desktop\stm32f4discoworkspace\stm32f411e-disco_hal_lib\Debug\libstm32f411e-disco_hal_lib.a(stm32f4xx_hal_cortex.o)
 .debug_abbrev  0x00000881      0x1af C:\Users\Obelisk\Desktop\stm32f4discoworkspace\stm32f411e-disco_hal_lib\Debug\libstm32f411e-disco_hal_lib.a(stm32f4xx_hal_gpio.o)
 .debug_abbrev  0x00000a30      0x299 C:\Users\Obelisk\Desktop\stm32f4discoworkspace\stm32f411e-disco_hal_lib\Debug\libstm32f411e-disco_hal_lib.a(stm32f4xx_hal_rcc.o)
 .debug_abbrev  0x00000cc9      0x21a C:\Users\Obelisk\Desktop\stm32f4discoworkspace\stm32f411e-disco_hal_lib\Debug\libstm32f411e-disco_hal_lib.a(stm32f4xx_hal_tim.o)
 .debug_abbrev  0x00000ee3      0x211 C:\Users\Obelisk\Desktop\stm32f4discoworkspace\stm32f411e-disco_hal_lib\Debug\libstm32f411e-disco_hal_lib.a(stm32f4xx_hal_tim_ex.o)

.debug_aranges  0x00000000      0x820
 .debug_aranges
                0x00000000       0x60 src/main.o
 .debug_aranges
                0x00000060       0x20 src/stm32f4xx_it.o
 .debug_aranges
                0x00000080       0x28 src/system_stm32f4xx.o
 .debug_aranges
                0x000000a8       0x28 startup/startup_stm32f411xe.o
 .debug_aranges
                0x000000d0       0xc0 C:\Users\Obelisk\Desktop\stm32f4discoworkspace\stm32f411e-disco_hal_lib\Debug\libstm32f411e-disco_hal_lib.a(stm32f4xx_hal.o)
 .debug_aranges
                0x00000190      0x108 C:\Users\Obelisk\Desktop\stm32f4discoworkspace\stm32f411e-disco_hal_lib\Debug\libstm32f411e-disco_hal_lib.a(stm32f4xx_hal_cortex.o)
 .debug_aranges
                0x00000298       0x58 C:\Users\Obelisk\Desktop\stm32f4discoworkspace\stm32f411e-disco_hal_lib\Debug\libstm32f411e-disco_hal_lib.a(stm32f4xx_hal_gpio.o)
 .debug_aranges
                0x000002f0       0x88 C:\Users\Obelisk\Desktop\stm32f4discoworkspace\stm32f411e-disco_hal_lib\Debug\libstm32f411e-disco_hal_lib.a(stm32f4xx_hal_rcc.o)
 .debug_aranges
                0x00000378      0x368 C:\Users\Obelisk\Desktop\stm32f4discoworkspace\stm32f411e-disco_hal_lib\Debug\libstm32f411e-disco_hal_lib.a(stm32f4xx_hal_tim.o)
 .debug_aranges
                0x000006e0      0x140 C:\Users\Obelisk\Desktop\stm32f4discoworkspace\stm32f411e-disco_hal_lib\Debug\libstm32f411e-disco_hal_lib.a(stm32f4xx_hal_tim_ex.o)

.debug_ranges   0x00000000      0x788
 .debug_ranges  0x00000000       0x50 src/main.o
 .debug_ranges  0x00000050       0x10 src/stm32f4xx_it.o
 .debug_ranges  0x00000060       0x18 src/system_stm32f4xx.o
 .debug_ranges  0x00000078       0x20 startup/startup_stm32f411xe.o
 .debug_ranges  0x00000098       0xb0 C:\Users\Obelisk\Desktop\stm32f4discoworkspace\stm32f411e-disco_hal_lib\Debug\libstm32f411e-disco_hal_lib.a(stm32f4xx_hal.o)
 .debug_ranges  0x00000148       0xf8 C:\Users\Obelisk\Desktop\stm32f4discoworkspace\stm32f411e-disco_hal_lib\Debug\libstm32f411e-disco_hal_lib.a(stm32f4xx_hal_cortex.o)
 .debug_ranges  0x00000240       0x48 C:\Users\Obelisk\Desktop\stm32f4discoworkspace\stm32f411e-disco_hal_lib\Debug\libstm32f411e-disco_hal_lib.a(stm32f4xx_hal_gpio.o)
 .debug_ranges  0x00000288       0x78 C:\Users\Obelisk\Desktop\stm32f4discoworkspace\stm32f411e-disco_hal_lib\Debug\libstm32f411e-disco_hal_lib.a(stm32f4xx_hal_rcc.o)
 .debug_ranges  0x00000300      0x358 C:\Users\Obelisk\Desktop\stm32f4discoworkspace\stm32f411e-disco_hal_lib\Debug\libstm32f411e-disco_hal_lib.a(stm32f4xx_hal_tim.o)
 .debug_ranges  0x00000658      0x130 C:\Users\Obelisk\Desktop\stm32f4discoworkspace\stm32f411e-disco_hal_lib\Debug\libstm32f411e-disco_hal_lib.a(stm32f4xx_hal_tim_ex.o)

.debug_macro    0x00000000    0x12dc0
 .debug_macro   0x00000000      0x450 src/main.o
 .debug_macro   0x00000450      0x8aa src/main.o
 .debug_macro   0x00000cfa       0x28 src/main.o
 .debug_macro   0x00000d22       0x28 src/main.o
 .debug_macro   0x00000d4a       0x22 src/main.o
 .debug_macro   0x00000d6c       0x44 src/main.o
 .debug_macro   0x00000db0       0xfd src/main.o
 .debug_macro   0x00000ead       0x22 src/main.o
 .debug_macro   0x00000ecf      0x1df src/main.o
 .debug_macro   0x000010ae       0x35 src/main.o
 .debug_macro   0x000010e3       0x50 src/main.o
 .debug_macro   0x00001133      0xe66 src/main.o
 .debug_macro   0x00001f99     0x50a7 src/main.o
 .debug_macro   0x00007040       0x43 src/main.o
 .debug_macro   0x00007083      0x24b src/main.o
 .debug_macro   0x000072ce     0x33a6 src/main.o
 .debug_macro   0x0000a674       0x58 src/main.o
 .debug_macro   0x0000a6cc       0x35 src/main.o
 .debug_macro   0x0000a701       0x9c src/main.o
 .debug_macro   0x0000a79d       0x16 src/main.o
 .debug_macro   0x0000a7b3       0x97 src/main.o
 .debug_macro   0x0000a84a      0x329 src/main.o
 .debug_macro   0x0000ab73       0xfd src/main.o
 .debug_macro   0x0000ac70       0x10 src/main.o
 .debug_macro   0x0000ac80       0x52 src/main.o
 .debug_macro   0x0000acd2       0x16 src/main.o
 .debug_macro   0x0000ace8       0x43 src/main.o
 .debug_macro   0x0000ad2b      0x187 src/main.o
 .debug_macro   0x0000aeb2       0x10 src/main.o
 .debug_macro   0x0000aec2       0x22 src/main.o
 .debug_macro   0x0000aee4       0x3a src/main.o
 .debug_macro   0x0000af1e       0x10 src/main.o
 .debug_macro   0x0000af2e       0x40 src/main.o
 .debug_macro   0x0000af6e       0x65 src/main.o
 .debug_macro   0x0000afd3       0x16 src/main.o
 .debug_macro   0x0000afe9      0x197 src/main.o
 .debug_macro   0x0000b180       0x57 src/main.o
 .debug_macro   0x0000b1d7      0x440 src/main.o
 .debug_macro   0x0000b617      0x9da src/main.o
 .debug_macro   0x0000bff1      0x11e src/main.o
 .debug_macro   0x0000c10f      0x11b src/main.o
 .debug_macro   0x0000c22a       0x27 src/main.o
 .debug_macro   0x0000c251      0x272 src/main.o
 .debug_macro   0x0000c4c3       0x5f src/main.o
 .debug_macro   0x0000c522      0x23a src/main.o
 .debug_macro   0x0000c75c      0x391 src/main.o
 .debug_macro   0x0000caed      0x176 src/main.o
 .debug_macro   0x0000cc63       0xf9 src/main.o
 .debug_macro   0x0000cd5c       0x23 src/main.o
 .debug_macro   0x0000cd7f      0x13a src/main.o
 .debug_macro   0x0000ceb9      0x264 src/main.o
 .debug_macro   0x0000d11d       0x2e src/main.o
 .debug_macro   0x0000d14b      0x1a7 src/main.o
 .debug_macro   0x0000d2f2       0x22 src/main.o
 .debug_macro   0x0000d314       0xa5 src/main.o
 .debug_macro   0x0000d3b9      0x18b src/main.o
 .debug_macro   0x0000d544       0x24 src/main.o
 .debug_macro   0x0000d568       0x35 src/main.o
 .debug_macro   0x0000d59d       0x97 src/main.o
 .debug_macro   0x0000d634      0x11e src/main.o
 .debug_macro   0x0000d752       0x85 src/main.o
 .debug_macro   0x0000d7d7       0x89 src/main.o
 .debug_macro   0x0000d860      0x31a src/main.o
 .debug_macro   0x0000db7a      0x409 src/main.o
 .debug_macro   0x0000df83       0xe4 src/main.o
 .debug_macro   0x0000e067      0x48d src/main.o
 .debug_macro   0x0000e4f4      0x22b src/main.o
 .debug_macro   0x0000e71f      0x202 src/main.o
 .debug_macro   0x0000e921      0x6d9 src/main.o
 .debug_macro   0x0000effa       0x5b src/main.o
 .debug_macro   0x0000f055      0x14d src/main.o
 .debug_macro   0x0000f1a2      0x287 src/main.o
 .debug_macro   0x0000f429      0x225 src/main.o
 .debug_macro   0x0000f64e      0x1b5 src/main.o
 .debug_macro   0x0000f803      0x2db src/main.o
 .debug_macro   0x0000fade       0x94 src/main.o
 .debug_macro   0x0000fb72      0x1df src/main.o
 .debug_macro   0x0000fd51      0x115 src/main.o
 .debug_macro   0x0000fe66       0x6e src/main.o
 .debug_macro   0x0000fed4      0x11e src/main.o
 .debug_macro   0x0000fff2      0x251 src/main.o
 .debug_macro   0x00010243      0x44d src/stm32f4xx_it.o
 .debug_macro   0x00010690      0x449 src/system_stm32f4xx.o
 .debug_macro   0x00010ad9      0x491 C:\Users\Obelisk\Desktop\stm32f4discoworkspace\stm32f411e-disco_hal_lib\Debug\libstm32f411e-disco_hal_lib.a(stm32f4xx_hal.o)
 .debug_macro   0x00010f6a      0x8a4 C:\Users\Obelisk\Desktop\stm32f4discoworkspace\stm32f411e-disco_hal_lib\Debug\libstm32f411e-disco_hal_lib.a(stm32f4xx_hal.o)
 .debug_macro   0x0001180e      0x443 C:\Users\Obelisk\Desktop\stm32f4discoworkspace\stm32f411e-disco_hal_lib\Debug\libstm32f411e-disco_hal_lib.a(stm32f4xx_hal_cortex.o)
 .debug_macro   0x00011c51      0x47b C:\Users\Obelisk\Desktop\stm32f4discoworkspace\stm32f411e-disco_hal_lib\Debug\libstm32f411e-disco_hal_lib.a(stm32f4xx_hal_gpio.o)
 .debug_macro   0x000120cc      0x46d C:\Users\Obelisk\Desktop\stm32f4discoworkspace\stm32f411e-disco_hal_lib\Debug\libstm32f411e-disco_hal_lib.a(stm32f4xx_hal_rcc.o)
 .debug_macro   0x00012539      0x444 C:\Users\Obelisk\Desktop\stm32f4discoworkspace\stm32f411e-disco_hal_lib\Debug\libstm32f411e-disco_hal_lib.a(stm32f4xx_hal_tim.o)
 .debug_macro   0x0001297d      0x443 C:\Users\Obelisk\Desktop\stm32f4discoworkspace\stm32f411e-disco_hal_lib\Debug\libstm32f411e-disco_hal_lib.a(stm32f4xx_hal_tim_ex.o)

.debug_line     0x00000000     0x7f3f
 .debug_line    0x00000000      0xc11 src/main.o
 .debug_line    0x00000c11      0xac0 src/stm32f4xx_it.o
 .debug_line    0x000016d1      0xaa3 src/system_stm32f4xx.o
 .debug_line    0x00002174       0x7f startup/startup_stm32f411xe.o
 .debug_line    0x000021f3      0xc1e C:\Users\Obelisk\Desktop\stm32f4discoworkspace\stm32f411e-disco_hal_lib\Debug\libstm32f411e-disco_hal_lib.a(stm32f4xx_hal.o)
 .debug_line    0x00002e11      0xd4e C:\Users\Obelisk\Desktop\stm32f4discoworkspace\stm32f411e-disco_hal_lib\Debug\libstm32f411e-disco_hal_lib.a(stm32f4xx_hal_cortex.o)
 .debug_line    0x00003b5f      0xc1d C:\Users\Obelisk\Desktop\stm32f4discoworkspace\stm32f411e-disco_hal_lib\Debug\libstm32f411e-disco_hal_lib.a(stm32f4xx_hal_gpio.o)
 .debug_line    0x0000477c      0xd6e C:\Users\Obelisk\Desktop\stm32f4discoworkspace\stm32f411e-disco_hal_lib\Debug\libstm32f411e-disco_hal_lib.a(stm32f4xx_hal_rcc.o)
 .debug_line    0x000054ea     0x1a1c C:\Users\Obelisk\Desktop\stm32f4discoworkspace\stm32f411e-disco_hal_lib\Debug\libstm32f411e-disco_hal_lib.a(stm32f4xx_hal_tim.o)
 .debug_line    0x00006f06     0x1039 C:\Users\Obelisk\Desktop\stm32f4discoworkspace\stm32f411e-disco_hal_lib\Debug\libstm32f411e-disco_hal_lib.a(stm32f4xx_hal_tim_ex.o)

.debug_str      0x00000000    0x7932f
 .debug_str     0x00000000    0x77350 src/main.o
                              0x776f8 (size before relaxing)
 .debug_str     0x00077350       0x38 src/stm32f4xx_it.o
                              0x75cbf (size before relaxing)
 .debug_str     0x00077388       0xbf src/system_stm32f4xx.o
                              0x75e86 (size before relaxing)
 .debug_str     0x00077447      0x507 C:\Users\Obelisk\Desktop\stm32f4discoworkspace\stm32f411e-disco_hal_lib\Debug\libstm32f411e-disco_hal_lib.a(stm32f4xx_hal.o)
                              0x766cf (size before relaxing)
 .debug_str     0x0007794e      0x362 C:\Users\Obelisk\Desktop\stm32f4discoworkspace\stm32f411e-disco_hal_lib\Debug\libstm32f411e-disco_hal_lib.a(stm32f4xx_hal_cortex.o)
                              0x76583 (size before relaxing)
 .debug_str     0x00077cb0      0x276 C:\Users\Obelisk\Desktop\stm32f4discoworkspace\stm32f411e-disco_hal_lib\Debug\libstm32f411e-disco_hal_lib.a(stm32f4xx_hal_gpio.o)
                              0x76105 (size before relaxing)
 .debug_str     0x00077f26      0x255 C:\Users\Obelisk\Desktop\stm32f4discoworkspace\stm32f411e-disco_hal_lib\Debug\libstm32f411e-disco_hal_lib.a(stm32f4xx_hal_rcc.o)
                              0x7627c (size before relaxing)
 .debug_str     0x0007817b      0xca4 C:\Users\Obelisk\Desktop\stm32f4discoworkspace\stm32f411e-disco_hal_lib\Debug\libstm32f411e-disco_hal_lib.a(stm32f4xx_hal_tim.o)
                              0x76ea7 (size before relaxing)
 .debug_str     0x00078e1f      0x510 C:\Users\Obelisk\Desktop\stm32f4discoworkspace\stm32f411e-disco_hal_lib\Debug\libstm32f411e-disco_hal_lib.a(stm32f4xx_hal_tim_ex.o)
                              0x7675a (size before relaxing)

.comment        0x00000000       0x6e
 .comment       0x00000000       0x6e src/main.o
                                 0x6f (size before relaxing)
 .comment       0x0000006e       0x6f src/stm32f4xx_it.o
 .comment       0x0000006e       0x6f src/system_stm32f4xx.o
 .comment       0x0000006e       0x6f C:\Users\Obelisk\Desktop\stm32f4discoworkspace\stm32f411e-disco_hal_lib\Debug\libstm32f411e-disco_hal_lib.a(stm32f4xx_hal.o)
 .comment       0x0000006e       0x6f C:\Users\Obelisk\Desktop\stm32f4discoworkspace\stm32f411e-disco_hal_lib\Debug\libstm32f411e-disco_hal_lib.a(stm32f4xx_hal_cortex.o)
 .comment       0x0000006e       0x6f C:\Users\Obelisk\Desktop\stm32f4discoworkspace\stm32f411e-disco_hal_lib\Debug\libstm32f411e-disco_hal_lib.a(stm32f4xx_hal_gpio.o)
 .comment       0x0000006e       0x6f C:\Users\Obelisk\Desktop\stm32f4discoworkspace\stm32f411e-disco_hal_lib\Debug\libstm32f411e-disco_hal_lib.a(stm32f4xx_hal_rcc.o)
 .comment       0x0000006e       0x6f C:\Users\Obelisk\Desktop\stm32f4discoworkspace\stm32f411e-disco_hal_lib\Debug\libstm32f411e-disco_hal_lib.a(stm32f4xx_hal_tim.o)
 .comment       0x0000006e       0x6f C:\Users\Obelisk\Desktop\stm32f4discoworkspace\stm32f411e-disco_hal_lib\Debug\libstm32f411e-disco_hal_lib.a(stm32f4xx_hal_tim_ex.o)

.debug_frame    0x00000000     0x2240
 .debug_frame   0x00000000      0x134 src/main.o
 .debug_frame   0x00000134       0x2c src/stm32f4xx_it.o
 .debug_frame   0x00000160       0x58 src/system_stm32f4xx.o
 .debug_frame   0x000001b8      0x2c0 C:\Users\Obelisk\Desktop\stm32f4discoworkspace\stm32f411e-disco_hal_lib\Debug\libstm32f411e-disco_hal_lib.a(stm32f4xx_hal.o)
 .debug_frame   0x00000478      0x450 C:\Users\Obelisk\Desktop\stm32f4discoworkspace\stm32f411e-disco_hal_lib\Debug\libstm32f411e-disco_hal_lib.a(stm32f4xx_hal_cortex.o)
 .debug_frame   0x000008c8      0x14c C:\Users\Obelisk\Desktop\stm32f4discoworkspace\stm32f411e-disco_hal_lib\Debug\libstm32f411e-disco_hal_lib.a(stm32f4xx_hal_gpio.o)
 .debug_frame   0x00000a14      0x200 C:\Users\Obelisk\Desktop\stm32f4discoworkspace\stm32f411e-disco_hal_lib\Debug\libstm32f411e-disco_hal_lib.a(stm32f4xx_hal_rcc.o)
 .debug_frame   0x00000c14      0xfb4 C:\Users\Obelisk\Desktop\stm32f4discoworkspace\stm32f411e-disco_hal_lib\Debug\libstm32f411e-disco_hal_lib.a(stm32f4xx_hal_tim.o)
 .debug_frame   0x00001bc8      0x574 C:\Users\Obelisk\Desktop\stm32f4discoworkspace\stm32f411e-disco_hal_lib\Debug\libstm32f411e-disco_hal_lib.a(stm32f4xx_hal_tim_ex.o)
 .debug_frame   0x0000213c       0x2c c:/ac6/systemworkbench/plugins/fr.ac6.mcu.externaltools.arm-none.win32_1.7.0.201602121829/tools/compiler/bin/../lib/gcc/arm-none-eabi/5.2.1/../../../../arm-none-eabi/lib/armv7e-m/fpu\libc.a(lib_a-init.o)
 .debug_frame   0x00002168       0x50 c:/ac6/systemworkbench/plugins/fr.ac6.mcu.externaltools.arm-none.win32_1.7.0.201602121829/tools/compiler/bin/../lib/gcc/arm-none-eabi/5.2.1/../../../../arm-none-eabi/lib/armv7e-m/fpu\libc.a(lib_a-__call_atexit.o)
 .debug_frame   0x000021b8       0x20 c:/ac6/systemworkbench/plugins/fr.ac6.mcu.externaltools.arm-none.win32_1.7.0.201602121829/tools/compiler/bin/../lib/gcc/arm-none-eabi/5.2.1/../../../../arm-none-eabi/lib/armv7e-m/fpu\libc.a(lib_a-atexit.o)
 .debug_frame   0x000021d8       0x34 c:/ac6/systemworkbench/plugins/fr.ac6.mcu.externaltools.arm-none.win32_1.7.0.201602121829/tools/compiler/bin/../lib/gcc/arm-none-eabi/5.2.1/../../../../arm-none-eabi/lib/armv7e-m/fpu\libc.a(lib_a-fini.o)
 .debug_frame   0x0000220c       0x34 c:/ac6/systemworkbench/plugins/fr.ac6.mcu.externaltools.arm-none.win32_1.7.0.201602121829/tools/compiler/bin/../lib/gcc/arm-none-eabi/5.2.1/../../../../arm-none-eabi/lib/armv7e-m/fpu\libc.a(lib_a-__atexit.o)
